// Jest Snapshot v1, https://goo.gl/fbAQLP

exports[`pruebas de gifExpertApp OnAdd category no agrega nada si le envian el mismo nombre 1`] = `
<div>
  <h1>
    Gif Expert App
  </h1>
  <button>
    Eliminar Categorias
  </button>
  <form
    aria-label="form"
  >
    <input
      placeholder="Buscar gifs"
      type="text"
      value=""
    />
  </form>
  <h3>
    One Punch
  </h3>
  <button>
    Elminar Categoria
  </button>
  <h2>
    Cargando...
  </h2>
  <div
    class="card-grid"
  />
  <h3>
    Kimetsu
  </h3>
  <button>
    Elminar Categoria
  </button>
  <h2>
    Cargando...
  </h2>
  <div
    class="card-grid"
  />
</div>
`;
