// Jest Snapshot v1, https://goo.gl/fbAQLP

exports[`Pruebas en gifItem debe hacer match con el snapshot 1`] = `
<div>
  <div
    class="card"
  >
    <img
      alt="Un titulo"
      src="https://one-punch-man.com/saitama.jpg"
    />
    <p>
      Un titulo
    </p>
  </div>
</div>
`;
